// Jest Snapshot v1, https://goo.gl/fbAQLP

exports[`parseLocaleFile can configure the length of the compressed key 1`] = `
Object {
  "0d1f217dd077602b": "Oder <1>beginne deine 30-Tage kostenlose Probephase</1>",
  "bb42f8cd525dba08": "Passwort vergessen",
  "d9055ff096c25633": "Deine Anmeldedaten waren inkorrekt.",
  "f2488fd4ef4adbc6": "E-Mail Adresse",
}
`;

exports[`parseLocaleFile correctly compresses the keys of the locale file 1`] = `
Object {
  "0d1f21": "Oder <1>beginne deine 30-Tage kostenlose Probephase</1>",
  "bb42f8": "Passwort vergessen",
  "d9055f": "Deine Anmeldedaten waren inkorrekt.",
  "f2488f": "E-Mail Adresse",
}
`;

exports[`parseLocaleFile throws an error if there are any compression collisions 1`] = `"[next-i18next-compress] Compression collision: \\"Email address\\" and \\"Forgot password\\" compress to the same hash \\"foobar\\".Try increasing the \\"hashLength\\" option or splitting your locale file into multiple namespaces."`;
